0 verbose cli C:\Users\joaop\Downloads\wtt 2 - remake\portables\nodejs\node.exe C:\Users\joaop\Downloads\wtt 2 - remake\portables\nodejs\node_modules\npm\bin\npm-cli.js
1 info using npm@11.9.0
2 info using node@v24.14.0
3 silly config load:file:C:\Users\joaop\Downloads\wtt 2 - remake\portables\nodejs\node_modules\npm\npmrc
4 silly config load:file:C:\Users\joaop\Downloads\wtt 2 - remake\wttspa\.npmrc
5 silly config load:file:C:\Users\joaop\.npmrc
6 silly config load:file:C:\Users\joaop\Downloads\wtt 2 - remake\wttspa\etc\npmrc
7 verbose title npm install
8 verbose argv "install" "--prefix" "C:\\Users\\joaop\\Downloads\\wtt 2 - remake\\wttspa"
9 verbose logfile logs-max:10 dir:C:\Users\joaop\Downloads\wtt 2 - remake\portables\nodejs\npm-cache\_logs\2026-10-01T18_52_13_311Z-
10 verbose logfile C:\Users\joaop\Downloads\wtt 2 - remake\portables\nodejs\npm-cache\_logs\2026-10-01T18_52_13_311Z-debug-0.log
11 silly logfile start cleaning logs, removing 1 files
12 silly logfile done cleaning log files
13 silly packumentCache heap:4496293888 maxSize:1124073472 maxEntrySize:562036736
14 silly idealTree buildDeps
15 verbose shrinkwrap failed to load node_modules/.package-lock.json out of date, updated: node_modules
16 silly reify moves {}
17 silly audit bulk request {
17 silly audit   '@babel/code-frame': [ '7.29.7' ],
17 silly audit   '@babel/compat-data': [ '7.29.7' ],
17 silly audit   '@babel/core': [ '7.29.7' ],
17 silly audit   '@babel/generator': [ '7.29.8' ],
17 silly audit   '@babel/helper-annotate-as-pure': [ '7.29.7' ],
17 silly audit   '@babel/helper-compilation-targets': [ '7.29.7' ],
17 silly audit   '@babel/helper-create-class-features-plugin': [ '7.29.7' ],
17 silly audit   '@babel/helper-globals': [ '7.29.7' ],
17 silly audit   '@babel/helper-member-expression-to-functions': [ '7.29.7' ],
17 silly audit   '@babel/helper-module-imports': [ '7.29.7' ],
17 silly audit   '@babel/helper-module-transforms': [ '7.29.7' ],
17 silly audit   '@babel/helper-optimise-call-expression': [ '7.29.7' ],
17 silly audit   '@babel/helper-plugin-utils': [ '7.29.7' ],
17 silly audit   '@babel/helper-replace-supers': [ '7.29.7' ],
17 silly audit   '@babel/helper-skip-transparent-expression-wrappers': [ '7.29.7' ],
17 silly audit   '@babel/helper-string-parser': [ '7.29.7' ],
17 silly audit   '@babel/helper-validator-identifier': [ '7.29.7' ],
17 silly audit   '@babel/helper-validator-option': [ '7.29.7' ],
17 silly audit   '@babel/helpers': [ '7.29.7' ],
17 silly audit   '@babel/parser': [ '7.29.9' ],
17 silly audit   '@babel/plugin-proposal-decorators': [ '7.29.7' ],
17 silly audit   '@babel/plugin-syntax-decorators': [ '7.29.7' ],
17 silly audit   '@babel/plugin-syntax-import-attributes': [ '7.29.7' ],
17 silly audit   '@babel/plugin-syntax-import-meta': [ '7.10.4' ],
17 silly audit   '@babel/plugin-syntax-jsx': [ '7.29.7' ],
17 silly audit   '@babel/plugin-syntax-typescript': [ '7.29.7' ],
17 silly audit   '@babel/plugin-transform-typescript': [ '7.29.9' ],
17 silly audit   '@babel/template': [ '7.29.7' ],
17 silly audit   '@babel/traverse': [ '7.29.8' ],
17 silly audit   '@babel/types': [ '7.29.8' ],
17 silly audit   '@esbuild/aix-ppc64': [ '0.28.2' ],
17 silly audit   '@esbuild/android-arm': [ '0.28.2' ],
17 silly audit   '@esbuild/android-arm64': [ '0.28.2' ],
17 silly audit   '@esbuild/android-x64': [ '0.28.2' ],
17 silly audit   '@esbuild/darwin-arm64': [ '0.28.2' ],
17 silly audit   '@esbuild/darwin-x64': [ '0.28.2' ],
17 silly audit   '@esbuild/freebsd-arm64': [ '0.28.2' ],
17 silly audit   '@esbuild/freebsd-x64': [ '0.28.2' ],
17 silly audit   '@esbuild/linux-arm': [ '0.28.2' ],
17 silly audit   '@esbuild/linux-arm64': [ '0.28.2' ],
17 silly audit   '@esbuild/linux-ia32': [ '0.28.2' ],
17 silly audit   '@esbuild/linux-loong64': [ '0.28.2' ],
17 silly audit   '@esbuild/linux-mips64el': [ '0.28.2' ],
17 silly audit   '@esbuild/linux-ppc64': [ '0.28.2' ],
17 silly audit   '@esbuild/linux-riscv64': [ '0.28.2' ],
17 silly audit   '@esbuild/linux-s390x': [ '0.28.2' ],
17 silly audit   '@esbuild/linux-x64': [ '0.28.2' ],
17 silly audit   '@esbuild/netbsd-arm64': [ '0.28.2' ],
17 silly audit   '@esbuild/netbsd-x64': [ '0.28.2' ],
17 silly audit   '@esbuild/openbsd-arm64': [ '0.28.2' ],
17 silly audit   '@esbuild/openbsd-x64': [ '0.28.2' ],
17 silly audit   '@esbuild/openharmony-arm64': [ '0.28.2' ],
17 silly audit   '@esbuild/sunos-x64': [ '0.28.2' ],
17 silly audit   '@esbuild/win32-arm64': [ '0.28.2' ],
17 silly audit   '@esbuild/win32-ia32': [ '0.28.2' ],
17 silly audit   '@esbuild/win32-x64': [ '0.28.2' ],
17 silly audit   '@jridgewell/gen-mapping': [ '0.3.13' ],
17 silly audit   '@jridgewell/remapping': [ '2.3.5' ],
17 silly audit   '@jridgewell/resolve-uri': [ '3.1.2' ],
17 silly audit   '@jridgewell/sourcemap-codec': [ '1.6.0' ],
17 silly audit   '@jridgewell/trace-mapping': [ '0.3.31' ],
17 silly audit   '@napi-rs/lzma-linux-x64-gnu': [ '1.5.1' ],
17 silly audit   '@polka/url': [ '1.0.0-next.29' ],
17 silly audit   '@rolldown/pluginutils': [ '1.0.1' ],
17 silly audit   '@rollup/rollup-android-arm-eabi': [ '4.63.4' ],
17 silly audit   '@rollup/rollup-android-arm64': [ '4.63.4' ],
17 silly audit   '@rollup/rollup-darwin-arm64': [ '4.63.4' ],
17 silly audit   '@rollup/rollup-darwin-x64': [ '4.63.4' ],
17 silly audit   '@rollup/rollup-freebsd-arm64': [ '4.63.4' ],
17 silly audit   '@rollup/rollup-freebsd-x64': [ '4.63.4' ],
17 silly audit   '@rollup/rollup-linux-arm-gnueabihf': [ '4.63.4' ],
17 silly audit   '@rollup/rollup-linux-arm-musleabihf': [ '4.63.4' ],
17 silly audit   '@rollup/rollup-linux-arm64-gnu': [ '4.63.4' ],
17 silly audit   '@rollup/rollup-linux-arm64-musl': [ '4.63.4' ],
17 silly audit   '@rollup/rollup-linux-loong64-gnu': [ '4.63.4' ],
17 silly audit   '@rollup/rollup-linux-loong64-musl': [ '4.63.4' ],
17 silly audit   '@rollup/rollup-linux-ppc64-gnu': [ '4.63.4' ],
17 silly audit   '@rollup/rollup-linux-ppc64-musl': [ '4.63.4' ],
17 silly audit   '@rollup/rollup-linux-riscv64-gnu': [ '4.63.4' ],
17 silly audit   '@rollup/rollup-linux-riscv64-musl': [ '4.63.4' ],
17 silly audit   '@rollup/rollup-linux-s390x-gnu': [ '4.63.4' ],
17 silly audit   '@rollup/rollup-linux-x64-gnu': [ '4.63.4' ],
17 silly audit   '@rollup/rollup-linux-x64-musl': [ '4.63.4' ],
17 silly audit   '@rollup/rollup-openbsd-x64': [ '4.63.4' ],
17 silly audit   '@rollup/rollup-openharmony-arm64': [ '4.63.4' ],
17 silly audit   '@rollup/rollup-win32-arm64-msvc': [ '4.63.4' ],
17 silly audit   '@rollup/rollup-win32-ia32-msvc': [ '4.63.4' ],
17 silly audit   '@rollup/rollup-win32-x64-gnu': [ '4.63.4' ],
17 silly audit   '@rollup/rollup-win32-x64-msvc': [ '4.63.4' ],
17 silly audit   '@tsconfig/node24': [ '24.0.5' ],
17 silly audit   '@types/estree': [ '1.0.9' ],
17 silly audit   '@types/node': [ '24.13.6' ],
17 silly audit   '@vitejs/plugin-vue': [ '6.0.9' ],
17 silly audit   '@volar/language-core': [ '2.4.28' ],
17 silly audit   '@volar/source-map': [ '2.4.28' ],
17 silly audit   '@volar/typescript': [ '2.4.28' ],
17 silly audit   '@vue-macros/common': [ '3.1.4' ],
17 silly audit   '@vue/babel-helper-vue-transform-on': [ '1.5.0' ],
17 silly audit   '@vue/babel-plugin-jsx': [ '1.5.0' ],
17 silly audit   '@vue/babel-plugin-resolve-type': [ '1.5.0' ],
17 silly audit   '@vue/compiler-core': [ '3.5.43' ],
17 silly audit   '@vue/compiler-dom': [ '3.5.43' ],
17 silly audit   '@vue/compiler-sfc': [ '3.5.43' ],
17 silly audit   '@vue/compiler-ssr': [ '3.5.43' ],
17 silly audit   '@vue/devtools-api': [ '7.7.10', '8.2.1' ],
17 silly audit   '@vue/devtools-core': [ '8.2.1' ],
17 silly audit   '@vue/devtools-kit': [ '8.2.1', '7.7.10' ],
17 silly audit   '@vue/devtools-shared': [ '8.2.1', '7.7.10' ],
17 silly audit   'perfect-debounce': [ '2.1.0', '1.0.0' ],
17 silly audit   '@vue/language-core': [ '3.3.11' ],
17 silly audit   '@vue/reactivity': [ '3.5.43' ],
17 silly audit   '@vue/runtime-core': [ '3.5.43' ],
17 silly audit   '@vue/runtime-dom': [ '3.5.43' ],
17 silly audit   '@vue/server-renderer': [ '3.5.43' ],
17 silly audit   '@vue/shared': [ '3.5.43' ],
17 silly audit   '@vue/tsconfig': [ '0.8.1' ],
17 silly audit   acorn: [ '8.18.0' ],
17 silly audit   'agent-base': [ '6.0.2' ],
17 silly audit   'alien-signals': [ '3.2.1' ],
17 silly audit   'ansi-styles': [ '6.2.3' ],
17 silly audit   ansis: [ '4.4.0' ],
17 silly audit   'ast-kit': [ '2.2.0' ],
17 silly audit   'ast-walker-scope': [ '0.9.0' ],
17 silly audit   asynckit: [ '0.4.0' ],
17 silly audit   axios: [ '1.20.0' ],
17 silly audit   'baseline-browser-mapping': [ '2.11.25' ],
17 silly audit   birpc: [ '2.9.0', '4.2.0' ],
17 silly audit   browserslist: [ '4.29.0' ],
17 silly audit   'bundle-name': [ '4.1.0' ],
17 silly audit   'call-bind-apply-helpers': [ '1.0.2' ],
17 silly audit   'caniuse-lite': [ '1.0.30001810' ],
17 silly audit   chokidar: [ '5.0.0' ],
17 silly audit   'combined-stream': [ '1.0.8' ],
17 silly audit   confbox: [ '0.2.4', '0.1.8', '0.3.1' ],
17 silly audit   'convert-source-map': [ '2.0.0' ],
17 silly audit   'copy-anything': [ '4.1.1' ],
17 silly audit   'cross-spawn': [ '7.0.6' ],
17 silly audit   isexe: [ '2.0.0', '3.1.5' ],
17 silly audit   which: [ '2.0.2', '5.0.0' ],
17 silly audit   csstype: [ '3.2.3' ],
17 silly audit   debug: [ '4.4.3' ],
17 silly audit   'default-browser': [ '5.5.1' ],
17 silly audit   'default-browser-id': [ '5.0.1' ],
17 silly audit   'define-lazy-prop': [ '3.0.0' ],
17 silly audit   'delayed-stream': [ '1.0.0' ],
17 silly audit   'dunder-proto': [ '1.0.1' ],
17 silly audit   'electron-to-chromium': [ '1.5.434' ],
17 silly audit   entities: [ '7.0.1' ],
17 silly audit   'error-stack-parser-es': [ '1.0.5' ],
17 silly audit   'es-define-property': [ '1.0.1' ],
17 silly audit   'es-errors': [ '1.3.0' ],
17 silly audit   'es-object-atoms': [ '1.1.2' ],
17 silly audit   'es-set-tostringtag': [ '2.1.0' ],
17 silly audit   esbuild: [ '0.28.2' ],
17 silly audit   escalade: [ '3.2.0' ],
17 silly audit   'estree-walker': [ '2.0.2' ],
17 silly audit   exsolve: [ '1.1.1' ],
17 silly audit   fdir: [ '6.5.0' ],
17 silly audit   'follow-redirects': [ '1.16.0' ],
17 silly audit   'form-data': [ '4.0.6' ],
17 silly audit   fsevents: [ '2.3.3' ],
17 silly audit   'function-bind': [ '1.1.2' ],
17 silly audit   gensync: [ '1.0.0-beta.2' ],
17 silly audit   'get-intrinsic': [ '1.3.0' ],
17 silly audit   'get-proto': [ '1.0.1' ],
17 silly audit   gopd: [ '1.2.0' ],
17 silly audit   'has-symbols': [ '1.1.0' ],
17 silly audit   'has-tostringtag': [ '1.0.2' ],
17 silly audit   hasown: [ '2.0.4' ],
17 silly audit   hookable: [ '5.5.3' ],
17 silly audit   'https-proxy-agent': [ '5.0.1' ],
17 silly audit   'is-docker': [ '3.0.0' ],
17 silly audit   'is-in-ssh': [ '1.0.0' ],
17 silly audit   'is-inside-container': [ '1.0.0' ],
17 silly audit   'is-wsl': [ '3.1.1' ],
17 silly audit   'js-tokens': [ '4.0.0' ],
17 silly audit   jsesc: [ '3.1.0' ],
17 silly audit   'json-parse-even-better-errors': [ '4.0.0' ],
17 silly audit   json5: [ '2.2.3' ],
17 silly audit   kolorist: [ '1.8.0' ],
17 silly audit   'local-pkg': [ '1.2.1' ],
17 silly audit   'lru-cache': [ '5.1.1' ],
17 silly audit   'magic-string': [ '0.30.21' ],
17 silly audit   'magic-string-ast': [ '1.0.3' ],
17 silly audit   'math-intrinsics': [ '1.1.0' ],
17 silly audit   memorystream: [ '0.3.1' ],
17 silly audit   'mime-db': [ '1.52.0' ],
17 silly audit   'mime-types': [ '2.1.35' ],
17 silly audit   mitt: [ '3.0.1' ],
17 silly audit   mlly: [ '1.8.2' ],
17 silly audit   'pkg-types': [ '1.3.1', '2.3.3' ],
17 silly audit   mrmime: [ '2.0.1' ],
17 silly audit   ms: [ '2.1.3' ],
17 silly audit   'muggle-string': [ '0.4.1' ],
17 silly audit   nanoid: [ '3.3.19' ],
17 silly audit   'node-releases': [ '2.0.56' ],
17 silly audit   nostics: [ '1.3.0' ],
17 silly audit   'npm-normalize-package-bin': [ '4.0.0' ],
17 silly audit   'npm-run-all2': [ '8.0.4' ],
17 silly audit   obug: [ '2.2.1' ],
17 silly audit   ohash: [ '2.0.12' ],
17 silly audit   open: [ '11.0.4' ],
17 silly audit   'path-browserify': [ '1.0.1' ],
17 silly audit   'path-key': [ '3.1.1' ],
17 silly audit   pathe: [ '2.0.3' ],
17 silly audit   picocolors: [ '1.1.1' ],
17 silly audit   picomatch: [ '4.0.7' ],
17 silly audit   pidtree: [ '0.6.1' ],
17 silly audit   pinia: [ '3.0.4' ],
17 silly audit   postcss: [ '8.5.28' ],
17 silly audit   'powershell-utils': [ '0.2.1', '0.1.0' ],
17 silly audit   prettier: [ '3.8.1' ],
17 silly audit   'proxy-from-env': [ '2.1.0' ],
17 silly audit   quansync: [ '0.2.11' ],
17 silly audit   'read-package-json-fast': [ '4.0.0' ],
17 silly audit   readdirp: [ '5.1.1' ],
17 silly audit   rfdc: [ '1.4.1' ],
17 silly audit   rollup: [ '4.63.4' ],
17 silly audit   'run-applescript': [ '7.1.0' ],
17 silly audit   scule: [ '1.3.0' ],
17 silly audit   semver: [ '6.3.1' ],
17 silly audit   'shebang-command': [ '2.0.0' ],
17 silly audit   'shebang-regex': [ '3.0.0' ],
17 silly audit   'shell-quote': [ '1.10.0' ],
17 silly audit   sirv: [ '3.0.2' ],
17 silly audit   'source-map-js': [ '1.2.1' ],
17 silly audit   speakingurl: [ '14.0.1' ],
17 silly audit   superjson: [ '2.2.6' ],
17 silly audit   tinyglobby: [ '0.2.17' ],
17 silly audit   totalist: [ '3.0.1' ],
17 silly audit   typescript: [ '5.9.3' ],
17 silly audit   ufo: [ '1.6.4' ],
17 silly audit   'undici-types': [ '7.18.2' ],
17 silly audit   unplugin: [ '3.4.0' ],
17 silly audit   'unplugin-utils': [ '0.3.2' ],
17 silly audit   'update-browserslist-db': [ '1.3.3' ],
17 silly audit   vite: [ '7.3.6' ],
17 silly audit   'vite-dev-rpc': [ '2.0.0' ],
17 silly audit   'vite-hot-client': [ '2.2.0' ],
17 silly audit   'vite-plugin-inspect': [ '11.4.1' ],
17 silly audit   'vite-plugin-vue-devtools': [ '8.2.1' ],
17 silly audit   'vite-plugin-vue-inspector': [ '6.0.0' ],
17 silly audit   'vscode-uri': [ '3.2.0' ],
17 silly audit   vue: [ '3.5.43' ],
17 silly audit   'vue-router': [ '5.3.1' ],
17 silly audit   'vue-tsc': [ '3.3.11' ],
17 silly audit   'webpack-virtual-modules': [ '0.6.2' ],
17 silly audit   'wsl-utils': [ '1.0.0' ],
17 silly audit   yallist: [ '3.1.1' ]
17 silly audit }
18 http fetch POST 200 https://registry.npmjs.org/-/npm/v1/security/advisories/bulk 352ms
19 silly audit report {}
20 verbose cwd C:\Users\joaop\Downloads\wtt 2 - remake
21 verbose os Windows_NT 10.0.26200
22 verbose node v24.14.0
23 verbose npm  v11.9.0
24 verbose exit 0
25 info ok
