0 verbose cli C:\Users\joaop\Downloads\wtt 2 - remake\portables\nodejs\node.exe C:\Users\joaop\Downloads\wtt 2 - remake\portables\nodejs\node_modules\npm\bin\npm-cli.js
1 info using npm@11.9.0
2 info using node@v24.14.0
3 silly config load:file:C:\Users\joaop\Downloads\wtt 2 - remake\portables\nodejs\node_modules\npm\npmrc
4 silly config load:file:C:\Users\joaop\Downloads\wtt 2 - remake\projeto\wtt\wttspa\.npmrc
5 silly config load:file:C:\Users\joaop\.npmrc
6 silly config load:file:C:\Users\joaop\Downloads\wtt 2 - remake\projeto\wtt\wttspa\etc\npmrc
7 verbose title npm install
8 verbose argv "install" "--prefix" "C:\\Users\\joaop\\Downloads\\wtt 2 - remake\\projeto\\wtt\\wttspa"
9 verbose logfile logs-max:10 dir:C:\Users\joaop\Downloads\wtt 2 - remake\portables\nodejs\npm-cache\_logs\2026-10-01T18_50_41_029Z-
10 verbose logfile C:\Users\joaop\Downloads\wtt 2 - remake\portables\nodejs\npm-cache\_logs\2026-10-01T18_50_41_029Z-debug-0.log
11 silly logfile start cleaning logs, removing 1 files
12 silly packumentCache heap:4496293888 maxSize:1124073472 maxEntrySize:562036736
13 silly logfile done cleaning log files
14 silly idealTree buildDeps
15 silly reify moves {}
16 silly audit bulk request {
16 silly audit   '@babel/helper-string-parser': [ '7.29.7' ],
16 silly audit   '@babel/helper-validator-identifier': [ '7.29.7' ],
16 silly audit   '@babel/parser': [ '7.29.9' ],
16 silly audit   '@babel/types': [ '7.29.8' ],
16 silly audit   '@jridgewell/sourcemap-codec': [ '1.6.0' ],
16 silly audit   '@oxc-project/types': [ '0.152.0' ],
16 silly audit   '@rolldown/binding-android-arm-eabi': [ '1.2.12' ],
16 silly audit   '@rolldown/binding-android-arm64': [ '1.2.12' ],
16 silly audit   '@rolldown/binding-darwin-arm64': [ '1.2.12' ],
16 silly audit   '@rolldown/binding-darwin-x64': [ '1.2.12' ],
16 silly audit   '@rolldown/binding-freebsd-x64': [ '1.2.12' ],
16 silly audit   '@rolldown/binding-linux-arm-gnueabihf': [ '1.2.12' ],
16 silly audit   '@rolldown/binding-linux-arm64-gnu': [ '1.2.12' ],
16 silly audit   '@rolldown/binding-linux-arm64-musl': [ '1.2.12' ],
16 silly audit   '@rolldown/binding-linux-ppc64-gnu': [ '1.2.12' ],
16 silly audit   '@rolldown/binding-linux-s390x-gnu': [ '1.2.12' ],
16 silly audit   '@rolldown/binding-linux-x64-gnu': [ '1.2.12' ],
16 silly audit   '@rolldown/binding-linux-x64-musl': [ '1.2.12' ],
16 silly audit   '@rolldown/binding-openharmony-arm64': [ '1.2.12' ],
16 silly audit   '@rolldown/binding-win32-arm64-msvc': [ '1.2.12' ],
16 silly audit   '@rolldown/binding-win32-x64-msvc': [ '1.2.12' ],
16 silly audit   '@rolldown/pluginutils': [ '1.0.1' ],
16 silly audit   '@vue/compiler-core': [ '3.5.43' ],
16 silly audit   '@vue/compiler-dom': [ '3.5.43' ],
16 silly audit   '@vue/compiler-sfc': [ '3.5.43' ],
16 silly audit   '@vue/compiler-ssr': [ '3.5.43' ],
16 silly audit   '@vue/devtools-api': [ '8.2.1' ],
16 silly audit   '@vue/devtools-kit': [ '8.2.1' ],
16 silly audit   '@vue/devtools-shared': [ '8.2.1' ],
16 silly audit   '@vue/reactivity': [ '3.5.43' ],
16 silly audit   '@vue/runtime-core': [ '3.5.43' ],
16 silly audit   '@vue/runtime-dom': [ '3.5.43' ],
16 silly audit   '@vue/server-renderer': [ '3.5.43' ],
16 silly audit   '@vue/shared': [ '3.5.43' ],
16 silly audit   birpc: [ '2.9.0' ],
16 silly audit   csstype: [ '3.2.3' ],
16 silly audit   'detect-libc': [ '2.1.2' ],
16 silly audit   entities: [ '7.0.1' ],
16 silly audit   'estree-walker': [ '2.0.2' ],
16 silly audit   fdir: [ '6.5.0' ],
16 silly audit   fsevents: [ '2.3.3' ],
16 silly audit   hookable: [ '5.5.3' ],
16 silly audit   lightningcss: [ '1.33.0' ],
16 silly audit   'lightningcss-android-arm64': [ '1.33.0' ],
16 silly audit   'lightningcss-darwin-arm64': [ '1.33.0' ],
16 silly audit   'lightningcss-darwin-x64': [ '1.33.0' ],
16 silly audit   'lightningcss-freebsd-x64': [ '1.33.0' ],
16 silly audit   'lightningcss-linux-arm-gnueabihf': [ '1.33.0' ],
16 silly audit   'lightningcss-linux-arm64-gnu': [ '1.33.0' ],
16 silly audit   'lightningcss-linux-arm64-musl': [ '1.33.0' ],
16 silly audit   'lightningcss-linux-x64-gnu': [ '1.33.0' ],
16 silly audit   'lightningcss-linux-x64-musl': [ '1.33.0' ],
16 silly audit   'lightningcss-win32-arm64-msvc': [ '1.33.0' ],
16 silly audit   'lightningcss-win32-x64-msvc': [ '1.33.0' ],
16 silly audit   'magic-string': [ '0.30.21' ],
16 silly audit   nanoid: [ '3.3.19' ],
16 silly audit   nostics: [ '1.3.0' ],
16 silly audit   'perfect-debounce': [ '2.1.0' ],
16 silly audit   picocolors: [ '1.1.1' ],
16 silly audit   picomatch: [ '4.0.7' ],
16 silly audit   pinia: [ '4.0.3' ],
16 silly audit   postcss: [ '8.5.28' ],
16 silly audit   rolldown: [ '1.2.12' ],
16 silly audit   'source-map-js': [ '1.2.2' ],
16 silly audit   tinyglobby: [ '0.2.17' ],
16 silly audit   vite: [ '8.3.2' ],
16 silly audit   vue: [ '3.5.43' ]
16 silly audit }
17 http fetch POST 200 https://registry.npmjs.org/-/npm/v1/security/advisories/bulk 439ms
18 silly audit report {}
19 verbose cwd C:\Users\joaop\Downloads\wtt 2 - remake
20 verbose os Windows_NT 10.0.26200
21 verbose node v24.14.0
22 verbose npm  v11.9.0
23 verbose exit 0
24 info ok
