0 verbose cli C:\Users\joaop\Downloads\wtt 2 - remake\wtt\portables\nodejs\node.exe C:\Users\joaop\Downloads\wtt 2 - remake\wtt\portables\nodejs\node_modules\npm\bin\npm-cli.js
1 info using npm@11.9.0
2 info using node@v24.14.0
3 silly config load:file:C:\Users\joaop\Downloads\wtt 2 - remake\wtt\portables\nodejs\node_modules\npm\npmrc
4 silly config load:file:C:\Users\joaop\Downloads\wtt 2 - remake\wtt\projeto\wtt\wttspa\.npmrc
5 silly config load:file:C:\Users\joaop\.npmrc
6 silly config load:file:C:\Users\joaop\Downloads\wtt 2 - remake\wtt\projeto\wtt\wttspa\etc\npmrc
7 verbose title npm install vite
8 verbose argv "install" "vite" "--prefix" "C:\\Users\\joaop\\Downloads\\wtt 2 - remake\\wtt\\projeto\\wtt\\wttspa"
9 verbose logfile logs-max:10 dir:C:\Users\joaop\Downloads\wtt 2 - remake\wtt\portables\nodejs\npm-cache\_logs\2026-10-01T18_45_08_907Z-
10 verbose logfile C:\Users\joaop\Downloads\wtt 2 - remake\wtt\portables\nodejs\npm-cache\_logs\2026-10-01T18_45_08_907Z-debug-0.log
11 silly logfile start cleaning logs, removing 1 files
12 silly packumentCache heap:4496293888 maxSize:1124073472 maxEntrySize:562036736
13 silly logfile done cleaning log files
14 silly idealTree buildDeps
15 silly fetch manifest vite@*
16 silly packumentCache full:https://registry.npmjs.org/vite cache-miss
17 http fetch GET 200 https://registry.npmjs.org/vite 1510ms (cache updated)
18 silly packumentCache full:https://registry.npmjs.org/vite set size:undefined disposed:false
19 silly fetch manifest @types/node@^20.19.0 || >=22.12.0
20 silly packumentCache full:https://registry.npmjs.org/@types%2fnode cache-miss
21 http fetch GET 200 https://registry.npmjs.org/@types%2fnode 223ms (cache updated)
22 silly packumentCache full:https://registry.npmjs.org/@types%2fnode set size:undefined disposed:false
23 silly fetch manifest @vitejs/devtools@^0.7.1
24 silly packumentCache full:https://registry.npmjs.org/@vitejs%2fdevtools cache-miss
25 http fetch GET 200 https://registry.npmjs.org/@vitejs%2fdevtools 63ms (cache updated)
26 silly packumentCache full:https://registry.npmjs.org/@vitejs%2fdevtools set size:undefined disposed:false
27 silly fetch manifest @vitejs/devtools-oxc@^0.7.6
28 silly packumentCache full:https://registry.npmjs.org/@vitejs%2fdevtools-oxc cache-miss
29 http fetch GET 200 https://registry.npmjs.org/@vitejs%2fdevtools-oxc 77ms (cache updated)
30 silly packumentCache full:https://registry.npmjs.org/@vitejs%2fdevtools-oxc set size:undefined disposed:false
31 silly fetch manifest @vitejs/devtools-rolldown@^0.7.6
32 silly packumentCache full:https://registry.npmjs.org/@vitejs%2fdevtools-rolldown cache-miss
33 http fetch GET 200 https://registry.npmjs.org/@vitejs%2fdevtools-rolldown 61ms (cache updated)
34 silly packumentCache full:https://registry.npmjs.org/@vitejs%2fdevtools-rolldown set size:undefined disposed:false
35 silly fetch manifest @vitejs/devtools-vite@^0.7.6
36 silly packumentCache full:https://registry.npmjs.org/@vitejs%2fdevtools-vite cache-miss
37 http fetch GET 200 https://registry.npmjs.org/@vitejs%2fdevtools-vite 46ms (cache updated)
38 silly packumentCache full:https://registry.npmjs.org/@vitejs%2fdevtools-vite set size:undefined disposed:false
39 silly fetch manifest @vitejs/devtools-vitest@^0.7.6
40 silly packumentCache full:https://registry.npmjs.org/@vitejs%2fdevtools-vitest cache-miss
41 http fetch GET 200 https://registry.npmjs.org/@vitejs%2fdevtools-vitest 76ms (cache updated)
42 silly packumentCache full:https://registry.npmjs.org/@vitejs%2fdevtools-vitest set size:undefined disposed:false
43 silly fetch manifest vitest@*
44 silly packumentCache full:https://registry.npmjs.org/vitest cache-miss
45 http fetch GET 200 https://registry.npmjs.org/vitest 108ms (cache updated)
46 silly packumentCache full:https://registry.npmjs.org/vitest set size:undefined disposed:false
47 silly fetch manifest @edge-runtime/vm@*
48 silly packumentCache full:https://registry.npmjs.org/@edge-runtime%2fvm cache-miss
49 http fetch GET 200 https://registry.npmjs.org/@edge-runtime%2fvm 72ms (cache revalidated)
50 silly packumentCache full:https://registry.npmjs.org/@edge-runtime%2fvm set size:269934 disposed:false
51 silly fetch manifest @opentelemetry/api@^1.9.0
52 silly packumentCache full:https://registry.npmjs.org/@opentelemetry%2fapi cache-miss
53 http fetch GET 200 https://registry.npmjs.org/@opentelemetry%2fapi 44ms (cache revalidated)
54 silly packumentCache full:https://registry.npmjs.org/@opentelemetry%2fapi set size:272967 disposed:false
55 silly fetch manifest @vitest/browser-playwright@5.0.3
56 silly packumentCache full:https://registry.npmjs.org/@vitest%2fbrowser-playwright cache-miss
57 http fetch GET 200 https://registry.npmjs.org/@vitest%2fbrowser-playwright 51ms (cache updated)
58 silly packumentCache full:https://registry.npmjs.org/@vitest%2fbrowser-playwright set size:undefined disposed:false
59 silly fetch manifest playwright@*
60 silly packumentCache full:https://registry.npmjs.org/playwright cache-miss
61 http fetch GET 200 https://registry.npmjs.org/playwright 376ms (cache updated)
62 silly packumentCache full:https://registry.npmjs.org/playwright set size:undefined disposed:false
63 silly fetch manifest @vitest/browser-preview@5.0.3
64 silly packumentCache full:https://registry.npmjs.org/@vitest%2fbrowser-preview cache-miss
65 http fetch GET 200 https://registry.npmjs.org/@vitest%2fbrowser-preview 252ms (cache updated)
66 silly packumentCache full:https://registry.npmjs.org/@vitest%2fbrowser-preview set size:undefined disposed:false
67 silly fetch manifest @vitest/browser-webdriverio@^5.0.0-beta.5 || >=5.0.0
68 silly packumentCache full:https://registry.npmjs.org/@vitest%2fbrowser-webdriverio cache-miss
69 http fetch GET 200 https://registry.npmjs.org/@vitest%2fbrowser-webdriverio 59ms (cache revalidated)
70 silly packumentCache full:https://registry.npmjs.org/@vitest%2fbrowser-webdriverio set size:144024 disposed:false
71 silly fetch manifest webdriverio@*
72 silly packumentCache full:https://registry.npmjs.org/webdriverio cache-miss
73 http fetch GET 200 https://registry.npmjs.org/webdriverio 45ms (cache revalidated)
74 silly packumentCache full:https://registry.npmjs.org/webdriverio set size:3204730 disposed:false
75 silly fetch manifest puppeteer-core@>=22.x <=24.x
76 silly packumentCache full:https://registry.npmjs.org/puppeteer-core cache-miss
77 http fetch GET 200 https://registry.npmjs.org/puppeteer-core 74ms (cache updated)
78 silly packumentCache full:https://registry.npmjs.org/puppeteer-core set size:undefined disposed:false
79 silly fetch manifest @vitest/coverage-istanbul@5.0.3
80 silly packumentCache full:https://registry.npmjs.org/@vitest%2fcoverage-istanbul cache-miss
81 http fetch GET 200 https://registry.npmjs.org/@vitest%2fcoverage-istanbul 66ms (cache updated)
82 silly packumentCache full:https://registry.npmjs.org/@vitest%2fcoverage-istanbul set size:undefined disposed:false
83 silly fetch manifest @vitest/coverage-v8@5.0.3
84 silly packumentCache full:https://registry.npmjs.org/@vitest%2fcoverage-v8 cache-miss
85 http fetch GET 200 https://registry.npmjs.org/@vitest%2fcoverage-v8 260ms (cache updated)
86 silly packumentCache full:https://registry.npmjs.org/@vitest%2fcoverage-v8 set size:undefined disposed:false
87 silly fetch manifest @vitest/browser@5.0.3
88 silly packumentCache full:https://registry.npmjs.org/@vitest%2fbrowser cache-miss
89 http fetch GET 200 https://registry.npmjs.org/@vitest%2fbrowser 83ms (cache updated)
90 silly packumentCache full:https://registry.npmjs.org/@vitest%2fbrowser set size:undefined disposed:false
91 silly fetch manifest @vitest/ui@5.0.3
92 silly packumentCache full:https://registry.npmjs.org/@vitest%2fui cache-miss
93 http fetch GET 200 https://registry.npmjs.org/@vitest%2fui 100ms (cache updated)
94 silly packumentCache full:https://registry.npmjs.org/@vitest%2fui set size:undefined disposed:false
95 silly fetch manifest happy-dom@*
96 silly packumentCache full:https://registry.npmjs.org/happy-dom cache-miss
97 http fetch GET 200 https://registry.npmjs.org/happy-dom 44ms (cache revalidated)
98 silly packumentCache full:https://registry.npmjs.org/happy-dom set size:2551937 disposed:false
99 silly fetch manifest jsdom@*
100 silly packumentCache full:https://registry.npmjs.org/jsdom cache-miss
101 http fetch GET 200 https://registry.npmjs.org/jsdom 45ms (cache revalidated)
102 silly packumentCache full:https://registry.npmjs.org/jsdom set size:1083886 disposed:false
103 silly fetch manifest canvas@^3.0.0
104 silly packumentCache full:https://registry.npmjs.org/canvas cache-miss
105 http fetch GET 200 https://registry.npmjs.org/canvas 36ms (cache revalidated)
106 silly packumentCache full:https://registry.npmjs.org/canvas set size:353371 disposed:false
107 silly fetch manifest esbuild@^0.27.0 || ^0.28.0
108 silly packumentCache full:https://registry.npmjs.org/esbuild cache-miss
109 http fetch GET 200 https://registry.npmjs.org/esbuild 31ms (cache revalidated)
110 silly packumentCache full:https://registry.npmjs.org/esbuild set size:1264676 disposed:false
111 silly fetch manifest jiti@>=1.21.0
112 silly packumentCache full:https://registry.npmjs.org/jiti cache-miss
113 http fetch GET 200 https://registry.npmjs.org/jiti 38ms (cache revalidated)
114 silly packumentCache full:https://registry.npmjs.org/jiti set size:387989 disposed:false
115 silly fetch manifest less@^4.0.0
116 silly packumentCache full:https://registry.npmjs.org/less cache-miss
117 http fetch GET 200 https://registry.npmjs.org/less 30ms (cache revalidated)
118 silly packumentCache full:https://registry.npmjs.org/less set size:561097 disposed:false
119 silly fetch manifest sass@^1.70.0
120 silly packumentCache full:https://registry.npmjs.org/sass cache-miss
121 http fetch GET 200 https://registry.npmjs.org/sass 61ms (cache updated)
122 silly packumentCache full:https://registry.npmjs.org/sass set size:undefined disposed:false
123 silly fetch manifest sass-embedded@^1.70.0
124 silly packumentCache full:https://registry.npmjs.org/sass-embedded cache-miss
125 http fetch GET 200 https://registry.npmjs.org/sass-embedded 52ms (cache updated)
126 silly packumentCache full:https://registry.npmjs.org/sass-embedded set size:undefined disposed:false
127 silly fetch manifest stylus@>=0.54.8
128 silly packumentCache full:https://registry.npmjs.org/stylus cache-miss
129 http fetch GET 200 https://registry.npmjs.org/stylus 29ms (cache revalidated)
130 silly packumentCache full:https://registry.npmjs.org/stylus set size:286766 disposed:false
131 silly fetch manifest sugarss@^5.0.0
132 silly packumentCache full:https://registry.npmjs.org/sugarss cache-miss
133 http fetch GET 200 https://registry.npmjs.org/sugarss 36ms (cache revalidated)
134 silly packumentCache full:https://registry.npmjs.org/sugarss set size:44975 disposed:false
135 silly fetch manifest postcss@^8.3.3
136 silly packumentCache full:https://registry.npmjs.org/postcss cache-miss
137 http fetch GET 200 https://registry.npmjs.org/postcss 29ms (cache revalidated)
138 silly packumentCache full:https://registry.npmjs.org/postcss set size:766699 disposed:false
139 silly fetch manifest terser@^5.16.0
140 silly packumentCache full:https://registry.npmjs.org/terser cache-miss
141 http fetch GET 200 https://registry.npmjs.org/terser 36ms (cache revalidated)
142 silly packumentCache full:https://registry.npmjs.org/terser set size:827672 disposed:false
143 silly fetch manifest tsx@^4.8.1
144 silly packumentCache full:https://registry.npmjs.org/tsx cache-miss
145 http fetch GET 200 https://registry.npmjs.org/tsx 37ms (cache revalidated)
146 silly packumentCache full:https://registry.npmjs.org/tsx set size:349770 disposed:false
147 silly fetch manifest yaml@^2.4.2
148 silly packumentCache full:https://registry.npmjs.org/yaml cache-miss
149 http fetch GET 200 https://registry.npmjs.org/yaml 31ms (cache revalidated)
150 silly packumentCache full:https://registry.npmjs.org/yaml set size:386415 disposed:false
151 silly placeDep ROOT vite@8.3.2 OK for:  want: *
152 silly fetch manifest postcss@^8.5.28
153 silly packumentCache full:https://registry.npmjs.org/postcss cache-hit
154 silly fetch manifest rolldown@~1.2.11
155 silly packumentCache full:https://registry.npmjs.org/rolldown cache-miss
156 silly fetch manifest picomatch@^4.0.7
157 silly packumentCache full:https://registry.npmjs.org/picomatch cache-miss
158 silly fetch manifest tinyglobby@^0.2.17
159 silly packumentCache full:https://registry.npmjs.org/tinyglobby cache-miss
160 silly fetch manifest lightningcss@^1.33.0
161 silly packumentCache full:https://registry.npmjs.org/lightningcss cache-miss
162 silly fetch manifest fsevents@~2.3.3
163 silly packumentCache full:https://registry.npmjs.org/fsevents cache-miss
164 http fetch GET 200 https://registry.npmjs.org/tinyglobby 39ms (cache revalidated)
165 silly packumentCache full:https://registry.npmjs.org/tinyglobby set size:54291 disposed:false
166 http fetch GET 200 https://registry.npmjs.org/fsevents 78ms (cache revalidated)
167 silly packumentCache full:https://registry.npmjs.org/fsevents set size:182472 disposed:false
168 http fetch GET 200 https://registry.npmjs.org/picomatch 81ms (cache revalidated)
169 silly packumentCache full:https://registry.npmjs.org/picomatch set size:134451 disposed:false
170 http fetch GET 200 https://registry.npmjs.org/lightningcss 85ms (cache revalidated)
171 silly packumentCache full:https://registry.npmjs.org/lightningcss set size:191065 disposed:false
172 http fetch GET 200 https://registry.npmjs.org/rolldown 174ms (cache updated)
173 silly packumentCache full:https://registry.npmjs.org/rolldown set size:undefined disposed:false
174 silly placeDep ROOT fsevents@2.3.3 OK for: vite@8.3.2 want: ~2.3.3
175 silly placeDep ROOT lightningcss@1.33.0 OK for: vite@8.3.2 want: ^1.33.0
176 silly placeDep ROOT picomatch@4.0.7 OK for: vite@8.3.2 want: ^4.0.7
177 silly placeDep ROOT postcss@8.5.28 OK for: vite@8.3.2 want: ^8.5.28
178 silly placeDep ROOT rolldown@1.2.12 OK for: vite@8.3.2 want: ~1.2.11
179 silly placeDep ROOT tinyglobby@0.2.17 OK for: vite@8.3.2 want: ^0.2.17
180 silly fetch manifest detect-libc@^2.0.3
181 silly packumentCache full:https://registry.npmjs.org/detect-libc cache-miss
182 silly fetch manifest lightningcss-darwin-x64@1.33.0
183 silly packumentCache full:https://registry.npmjs.org/lightningcss-darwin-x64 cache-miss
184 silly fetch manifest lightningcss-linux-x64-gnu@1.33.0
185 silly packumentCache full:https://registry.npmjs.org/lightningcss-linux-x64-gnu cache-miss
186 silly fetch manifest lightningcss-win32-x64-msvc@1.33.0
187 silly packumentCache full:https://registry.npmjs.org/lightningcss-win32-x64-msvc cache-miss
188 silly fetch manifest lightningcss-win32-arm64-msvc@1.33.0
189 silly packumentCache full:https://registry.npmjs.org/lightningcss-win32-arm64-msvc cache-miss
190 silly fetch manifest lightningcss-darwin-arm64@1.33.0
191 silly packumentCache full:https://registry.npmjs.org/lightningcss-darwin-arm64 cache-miss
192 silly fetch manifest lightningcss-linux-arm64-gnu@1.33.0
193 silly packumentCache full:https://registry.npmjs.org/lightningcss-linux-arm64-gnu cache-miss
194 silly fetch manifest lightningcss-linux-arm-gnueabihf@1.33.0
195 silly packumentCache full:https://registry.npmjs.org/lightningcss-linux-arm-gnueabihf cache-miss
196 silly fetch manifest lightningcss-linux-arm64-musl@1.33.0
197 silly packumentCache full:https://registry.npmjs.org/lightningcss-linux-arm64-musl cache-miss
198 silly fetch manifest lightningcss-linux-x64-musl@1.33.0
199 silly packumentCache full:https://registry.npmjs.org/lightningcss-linux-x64-musl cache-miss
200 silly fetch manifest lightningcss-freebsd-x64@1.33.0
201 silly packumentCache full:https://registry.npmjs.org/lightningcss-freebsd-x64 cache-miss
202 http fetch GET 200 https://registry.npmjs.org/detect-libc 37ms (cache revalidated)
203 silly packumentCache full:https://registry.npmjs.org/detect-libc set size:47861 disposed:false
204 silly fetch manifest lightningcss-android-arm64@1.33.0
205 silly packumentCache full:https://registry.npmjs.org/lightningcss-android-arm64 cache-miss
206 http fetch GET 200 https://registry.npmjs.org/lightningcss-win32-x64-msvc 37ms (cache updated)
207 silly packumentCache full:https://registry.npmjs.org/lightningcss-win32-x64-msvc set size:undefined disposed:false
208 silly fetch manifest nanoid@^3.3.18
209 silly packumentCache full:https://registry.npmjs.org/nanoid cache-miss
210 http fetch GET 200 https://registry.npmjs.org/lightningcss-win32-arm64-msvc 64ms (cache updated)
211 silly packumentCache full:https://registry.npmjs.org/lightningcss-win32-arm64-msvc set size:undefined disposed:false
212 silly fetch manifest picocolors@^1.1.1
213 silly packumentCache full:https://registry.npmjs.org/picocolors cache-miss
214 http fetch GET 200 https://registry.npmjs.org/lightningcss-linux-x64-gnu 67ms (cache updated)
215 silly packumentCache full:https://registry.npmjs.org/lightningcss-linux-x64-gnu set size:undefined disposed:false
216 silly fetch manifest source-map-js@^1.2.1
217 silly packumentCache full:https://registry.npmjs.org/source-map-js cache-miss
218 http fetch GET 200 https://registry.npmjs.org/lightningcss-darwin-x64 71ms (cache updated)
219 silly packumentCache full:https://registry.npmjs.org/lightningcss-darwin-x64 set size:undefined disposed:false
220 silly fetch manifest @oxc-project/types@=0.152.0
221 silly packumentCache full:https://registry.npmjs.org/@oxc-project%2ftypes cache-miss
222 http fetch GET 200 https://registry.npmjs.org/lightningcss-linux-arm64-musl 95ms (cache updated)
223 silly packumentCache full:https://registry.npmjs.org/lightningcss-linux-arm64-musl set size:undefined disposed:false
224 silly fetch manifest @rolldown/pluginutils@^1.0.0
225 silly packumentCache full:https://registry.npmjs.org/@rolldown%2fpluginutils cache-miss
226 http fetch GET 200 https://registry.npmjs.org/nanoid 60ms (cache revalidated)
227 silly packumentCache full:https://registry.npmjs.org/nanoid set size:345858 disposed:false
228 silly fetch manifest @rolldown/binding-darwin-x64@1.2.12
229 silly packumentCache full:https://registry.npmjs.org/@rolldown%2fbinding-darwin-x64 cache-miss
230 http fetch GET 200 https://registry.npmjs.org/lightningcss-android-arm64 79ms (cache updated)
231 silly packumentCache full:https://registry.npmjs.org/lightningcss-android-arm64 set size:undefined disposed:false
232 silly fetch manifest @rolldown/binding-freebsd-x64@1.2.12
233 silly packumentCache full:https://registry.npmjs.org/@rolldown%2fbinding-freebsd-x64 cache-miss
234 http fetch GET 200 https://registry.npmjs.org/picocolors 55ms (cache revalidated)
235 silly packumentCache full:https://registry.npmjs.org/picocolors set size:16648 disposed:false
236 silly fetch manifest @rolldown/binding-darwin-arm64@1.2.12
237 silly packumentCache full:https://registry.npmjs.org/@rolldown%2fbinding-darwin-arm64 cache-miss
238 http fetch GET 200 https://registry.npmjs.org/lightningcss-linux-arm-gnueabihf 123ms (cache updated)
239 silly packumentCache full:https://registry.npmjs.org/lightningcss-linux-arm-gnueabihf set size:undefined disposed:false
240 silly fetch manifest @rolldown/binding-android-arm64@1.2.12
241 silly packumentCache full:https://registry.npmjs.org/@rolldown%2fbinding-android-arm64 cache-miss
242 http fetch GET 200 https://registry.npmjs.org/lightningcss-linux-x64-musl 129ms (cache updated)
243 silly packumentCache full:https://registry.npmjs.org/lightningcss-linux-x64-musl set size:undefined disposed:false
244 silly fetch manifest @rolldown/binding-linux-x64-gnu@1.2.12
245 silly packumentCache full:https://registry.npmjs.org/@rolldown%2fbinding-linux-x64-gnu cache-miss
246 http fetch GET 200 https://registry.npmjs.org/lightningcss-freebsd-x64 133ms (cache updated)
247 silly packumentCache full:https://registry.npmjs.org/lightningcss-freebsd-x64 set size:undefined disposed:false
248 silly fetch manifest @rolldown/binding-linux-x64-musl@1.2.12
249 silly packumentCache full:https://registry.npmjs.org/@rolldown%2fbinding-linux-x64-musl cache-miss
250 http fetch GET 200 https://registry.npmjs.org/lightningcss-linux-arm64-gnu 135ms (cache updated)
251 silly packumentCache full:https://registry.npmjs.org/lightningcss-linux-arm64-gnu set size:undefined disposed:false
252 silly fetch manifest @rolldown/binding-win32-x64-msvc@1.2.12
253 silly packumentCache full:https://registry.npmjs.org/@rolldown%2fbinding-win32-x64-msvc cache-miss
254 http fetch GET 200 https://registry.npmjs.org/lightningcss-darwin-arm64 137ms (cache updated)
255 silly packumentCache full:https://registry.npmjs.org/lightningcss-darwin-arm64 set size:undefined disposed:false
256 silly fetch manifest @rolldown/binding-linux-arm64-gnu@1.2.12
257 silly packumentCache full:https://registry.npmjs.org/@rolldown%2fbinding-linux-arm64-gnu cache-miss
258 http fetch GET 200 https://registry.npmjs.org/source-map-js 81ms (cache updated)
259 silly packumentCache full:https://registry.npmjs.org/source-map-js set size:undefined disposed:false
260 silly fetch manifest @rolldown/binding-linux-ppc64-gnu@1.2.12
261 silly packumentCache full:https://registry.npmjs.org/@rolldown%2fbinding-linux-ppc64-gnu cache-miss
262 http fetch GET 200 https://registry.npmjs.org/@oxc-project%2ftypes 93ms (cache updated)
263 silly packumentCache full:https://registry.npmjs.org/@oxc-project%2ftypes set size:undefined disposed:false
264 silly fetch manifest @rolldown/binding-linux-s390x-gnu@1.2.12
265 silly packumentCache full:https://registry.npmjs.org/@rolldown%2fbinding-linux-s390x-gnu cache-miss
266 http fetch GET 200 https://registry.npmjs.org/@rolldown%2fpluginutils 76ms (cache revalidated)
267 silly packumentCache full:https://registry.npmjs.org/@rolldown%2fpluginutils set size:300388 disposed:false
268 silly fetch manifest @rolldown/binding-android-arm-eabi@1.2.12
269 silly packumentCache full:https://registry.npmjs.org/@rolldown%2fbinding-android-arm-eabi cache-miss
270 http fetch GET 200 https://registry.npmjs.org/@rolldown%2fbinding-android-arm64 68ms (cache updated)
271 silly packumentCache full:https://registry.npmjs.org/@rolldown%2fbinding-android-arm64 set size:undefined disposed:false
272 silly fetch manifest @rolldown/binding-linux-arm64-musl@1.2.12
273 silly packumentCache full:https://registry.npmjs.org/@rolldown%2fbinding-linux-arm64-musl cache-miss
274 http fetch GET 200 https://registry.npmjs.org/@rolldown%2fbinding-linux-ppc64-gnu 60ms (cache updated)
275 silly packumentCache full:https://registry.npmjs.org/@rolldown%2fbinding-linux-ppc64-gnu set size:undefined disposed:false
276 silly fetch manifest @rolldown/binding-win32-arm64-msvc@1.2.12
277 silly packumentCache full:https://registry.npmjs.org/@rolldown%2fbinding-win32-arm64-msvc cache-miss
278 http fetch GET 200 https://registry.npmjs.org/@rolldown%2fbinding-linux-s390x-gnu 118ms (cache updated)
279 silly packumentCache full:https://registry.npmjs.org/@rolldown%2fbinding-linux-s390x-gnu set size:undefined disposed:false
280 silly fetch manifest @rolldown/binding-openharmony-arm64@1.2.12
281 silly packumentCache full:https://registry.npmjs.org/@rolldown%2fbinding-openharmony-arm64 cache-miss
282 http fetch GET 200 https://registry.npmjs.org/@rolldown%2fbinding-android-arm-eabi 115ms (cache miss)
283 silly packumentCache full:https://registry.npmjs.org/@rolldown%2fbinding-android-arm-eabi set size:undefined disposed:false
284 silly fetch manifest @rolldown/binding-linux-arm-gnueabihf@1.2.12
285 silly packumentCache full:https://registry.npmjs.org/@rolldown%2fbinding-linux-arm-gnueabihf cache-miss
286 http fetch GET 200 https://registry.npmjs.org/@rolldown%2fbinding-darwin-x64 207ms (cache updated)
287 silly packumentCache full:https://registry.npmjs.org/@rolldown%2fbinding-darwin-x64 set size:undefined disposed:false
288 silly fetch manifest fdir@^6.5.0
289 silly packumentCache full:https://registry.npmjs.org/fdir cache-miss
290 http fetch GET 200 https://registry.npmjs.org/@rolldown%2fbinding-freebsd-x64 226ms (cache updated)
291 silly packumentCache full:https://registry.npmjs.org/@rolldown%2fbinding-freebsd-x64 set size:undefined disposed:false
292 http fetch GET 200 https://registry.npmjs.org/@rolldown%2fbinding-darwin-arm64 256ms (cache updated)
293 silly packumentCache full:https://registry.npmjs.org/@rolldown%2fbinding-darwin-arm64 set size:undefined disposed:false
294 http fetch GET 200 https://registry.npmjs.org/fdir 88ms (cache revalidated)
295 silly packumentCache full:https://registry.npmjs.org/fdir set size:136182 disposed:false
296 http fetch GET 200 https://registry.npmjs.org/@rolldown%2fbinding-win32-arm64-msvc 209ms (cache updated)
297 silly packumentCache full:https://registry.npmjs.org/@rolldown%2fbinding-win32-arm64-msvc set size:undefined disposed:false
298 http fetch GET 200 https://registry.npmjs.org/@rolldown%2fbinding-linux-arm64-musl 232ms (cache updated)
299 silly packumentCache full:https://registry.npmjs.org/@rolldown%2fbinding-linux-arm64-musl set size:undefined disposed:false
300 http fetch GET 200 https://registry.npmjs.org/@rolldown%2fbinding-linux-x64-gnu 307ms (cache updated)
301 silly packumentCache full:https://registry.npmjs.org/@rolldown%2fbinding-linux-x64-gnu set size:undefined disposed:false
302 http fetch GET 200 https://registry.npmjs.org/@rolldown%2fbinding-win32-x64-msvc 316ms (cache updated)
303 silly packumentCache full:https://registry.npmjs.org/@rolldown%2fbinding-win32-x64-msvc set size:undefined disposed:false
304 http fetch GET 200 https://registry.npmjs.org/@rolldown%2fbinding-openharmony-arm64 173ms (cache updated)
305 silly packumentCache full:https://registry.npmjs.org/@rolldown%2fbinding-openharmony-arm64 set size:undefined disposed:false
306 http fetch GET 200 https://registry.npmjs.org/@rolldown%2fbinding-linux-arm64-gnu 324ms (cache updated)
307 silly packumentCache full:https://registry.npmjs.org/@rolldown%2fbinding-linux-arm64-gnu set size:undefined disposed:false
308 http fetch GET 200 https://registry.npmjs.org/@rolldown%2fbinding-linux-x64-musl 341ms (cache updated)
309 silly packumentCache full:https://registry.npmjs.org/@rolldown%2fbinding-linux-x64-musl set size:undefined disposed:false
310 http fetch GET 200 https://registry.npmjs.org/@rolldown%2fbinding-linux-arm-gnueabihf 215ms (cache updated)
311 silly packumentCache full:https://registry.npmjs.org/@rolldown%2fbinding-linux-arm-gnueabihf set size:undefined disposed:false
312 silly placeDep ROOT detect-libc@2.1.2 OK for: lightningcss@1.33.0 want: ^2.0.3
313 silly placeDep ROOT lightningcss-android-arm64@1.33.0 OK for: lightningcss@1.33.0 want: 1.33.0
314 silly placeDep ROOT lightningcss-darwin-arm64@1.33.0 OK for: lightningcss@1.33.0 want: 1.33.0
315 silly placeDep ROOT lightningcss-darwin-x64@1.33.0 OK for: lightningcss@1.33.0 want: 1.33.0
316 silly placeDep ROOT lightningcss-freebsd-x64@1.33.0 OK for: lightningcss@1.33.0 want: 1.33.0
317 silly placeDep ROOT lightningcss-linux-arm-gnueabihf@1.33.0 OK for: lightningcss@1.33.0 want: 1.33.0
318 silly placeDep ROOT lightningcss-linux-arm64-gnu@1.33.0 OK for: lightningcss@1.33.0 want: 1.33.0
319 silly placeDep ROOT lightningcss-linux-arm64-musl@1.33.0 OK for: lightningcss@1.33.0 want: 1.33.0
320 silly placeDep ROOT lightningcss-linux-x64-gnu@1.33.0 OK for: lightningcss@1.33.0 want: 1.33.0
321 silly placeDep ROOT lightningcss-linux-x64-musl@1.33.0 OK for: lightningcss@1.33.0 want: 1.33.0
322 silly placeDep ROOT lightningcss-win32-arm64-msvc@1.33.0 OK for: lightningcss@1.33.0 want: 1.33.0
323 silly placeDep ROOT lightningcss-win32-x64-msvc@1.33.0 OK for: lightningcss@1.33.0 want: 1.33.0
324 silly placeDep ROOT nanoid@3.3.19 OK for: postcss@8.5.28 want: ^3.3.18
325 silly placeDep ROOT picocolors@1.1.1 OK for: postcss@8.5.28 want: ^1.1.1
326 silly placeDep ROOT source-map-js@1.2.2 OK for: postcss@8.5.28 want: ^1.2.1
327 silly placeDep ROOT @oxc-project/types@0.152.0 OK for: rolldown@1.2.12 want: =0.152.0
328 silly placeDep ROOT @rolldown/binding-android-arm-eabi@1.2.12 OK for: rolldown@1.2.12 want: 1.2.12
329 silly placeDep ROOT @rolldown/binding-android-arm64@1.2.12 OK for: rolldown@1.2.12 want: 1.2.12
330 silly placeDep ROOT @rolldown/binding-darwin-arm64@1.2.12 OK for: rolldown@1.2.12 want: 1.2.12
331 silly placeDep ROOT @rolldown/binding-darwin-x64@1.2.12 OK for: rolldown@1.2.12 want: 1.2.12
332 silly placeDep ROOT @rolldown/binding-freebsd-x64@1.2.12 OK for: rolldown@1.2.12 want: 1.2.12
333 silly placeDep ROOT @rolldown/binding-linux-arm-gnueabihf@1.2.12 OK for: rolldown@1.2.12 want: 1.2.12
334 silly placeDep ROOT @rolldown/binding-linux-arm64-gnu@1.2.12 OK for: rolldown@1.2.12 want: 1.2.12
335 silly placeDep ROOT @rolldown/binding-linux-arm64-musl@1.2.12 OK for: rolldown@1.2.12 want: 1.2.12
336 silly placeDep ROOT @rolldown/binding-linux-ppc64-gnu@1.2.12 OK for: rolldown@1.2.12 want: 1.2.12
337 silly placeDep ROOT @rolldown/binding-linux-s390x-gnu@1.2.12 OK for: rolldown@1.2.12 want: 1.2.12
338 silly placeDep ROOT @rolldown/binding-linux-x64-gnu@1.2.12 OK for: rolldown@1.2.12 want: 1.2.12
339 silly placeDep ROOT @rolldown/binding-linux-x64-musl@1.2.12 OK for: rolldown@1.2.12 want: 1.2.12
340 silly placeDep ROOT @rolldown/binding-openharmony-arm64@1.2.12 OK for: rolldown@1.2.12 want: 1.2.12
341 silly placeDep ROOT @rolldown/binding-win32-arm64-msvc@1.2.12 OK for: rolldown@1.2.12 want: 1.2.12
342 silly placeDep ROOT @rolldown/binding-win32-x64-msvc@1.2.12 OK for: rolldown@1.2.12 want: 1.2.12
343 silly placeDep ROOT @rolldown/pluginutils@1.0.1 OK for: rolldown@1.2.12 want: ^1.0.0
344 silly fetch manifest picomatch@^4.0.4
345 silly packumentCache full:https://registry.npmjs.org/picomatch cache-hit
346 silly placeDep ROOT fdir@6.5.0 OK for: tinyglobby@0.2.17 want: ^6.5.0
347 silly reify moves {}
348 http cache fdir@https://registry.npmjs.org/fdir/-/fdir-6.5.0.tgz 0ms (cache hit)
349 http cache @rolldown/binding-win32-x64-msvc@https://registry.npmjs.org/@rolldown/binding-win32-x64-msvc/-/binding-win32-x64-msvc-1.2.12.tgz 0ms (cache hit)
350 http cache @oxc-project/types@https://registry.npmjs.org/@oxc-project/types/-/types-0.152.0.tgz 0ms (cache hit)
351 http cache @rolldown/pluginutils@https://registry.npmjs.org/@rolldown/pluginutils/-/pluginutils-1.0.1.tgz 0ms (cache hit)
352 http cache source-map-js@https://registry.npmjs.org/source-map-js/-/source-map-js-1.2.2.tgz 0ms (cache hit)
353 http cache picocolors@https://registry.npmjs.org/picocolors/-/picocolors-1.1.1.tgz 0ms (cache hit)
354 http cache nanoid@https://registry.npmjs.org/nanoid/-/nanoid-3.3.19.tgz 0ms (cache hit)
355 http cache lightningcss-win32-x64-msvc@https://registry.npmjs.org/lightningcss-win32-x64-msvc/-/lightningcss-win32-x64-msvc-1.33.0.tgz 0ms (cache hit)
356 http cache detect-libc@https://registry.npmjs.org/detect-libc/-/detect-libc-2.1.2.tgz 0ms (cache hit)
357 http cache rolldown@https://registry.npmjs.org/rolldown/-/rolldown-1.2.12.tgz 0ms (cache hit)
358 http cache tinyglobby@https://registry.npmjs.org/tinyglobby/-/tinyglobby-0.2.17.tgz 0ms (cache hit)
359 http cache postcss@https://registry.npmjs.org/postcss/-/postcss-8.5.28.tgz 0ms (cache hit)
360 silly tarball no local data for @rolldown/binding-win32-x64-msvc@https://registry.npmjs.org/@rolldown/binding-win32-x64-msvc/-/binding-win32-x64-msvc-1.2.12.tgz. Extracting by manifest.
361 silly tarball no local data for @oxc-project/types@https://registry.npmjs.org/@oxc-project/types/-/types-0.152.0.tgz. Extracting by manifest.
362 http cache picomatch@https://registry.npmjs.org/picomatch/-/picomatch-4.0.7.tgz 0ms (cache hit)
363 silly tarball no local data for source-map-js@https://registry.npmjs.org/source-map-js/-/source-map-js-1.2.2.tgz. Extracting by manifest.
364 silly tarball no local data for lightningcss-win32-x64-msvc@https://registry.npmjs.org/lightningcss-win32-x64-msvc/-/lightningcss-win32-x64-msvc-1.33.0.tgz. Extracting by manifest.
365 silly tarball no local data for rolldown@https://registry.npmjs.org/rolldown/-/rolldown-1.2.12.tgz. Extracting by manifest.
366 http cache lightningcss@https://registry.npmjs.org/lightningcss/-/lightningcss-1.33.0.tgz 0ms (cache hit)
367 http cache vite@https://registry.npmjs.org/vite/-/vite-8.3.2.tgz 0ms (cache hit)
368 silly tarball no local data for lightningcss@https://registry.npmjs.org/lightningcss/-/lightningcss-1.33.0.tgz. Extracting by manifest.
369 silly tarball no local data for vite@https://registry.npmjs.org/vite/-/vite-8.3.2.tgz. Extracting by manifest.
370 http fetch GET 200 https://registry.npmjs.org/@oxc-project/types/-/types-0.152.0.tgz 66ms (cache miss)
371 http fetch GET 200 https://registry.npmjs.org/source-map-js/-/source-map-js-1.2.2.tgz 152ms (cache miss)
372 http fetch GET 200 https://registry.npmjs.org/lightningcss/-/lightningcss-1.33.0.tgz 160ms (cache miss)
373 http fetch GET 200 https://registry.npmjs.org/vite/-/vite-8.3.2.tgz 261ms (cache miss)
374 http fetch GET 200 https://registry.npmjs.org/rolldown/-/rolldown-1.2.12.tgz 269ms (cache miss)
375 http fetch GET 200 https://registry.npmjs.org/lightningcss-win32-x64-msvc/-/lightningcss-win32-x64-msvc-1.33.0.tgz 279ms (cache miss)
376 http fetch GET 200 https://registry.npmjs.org/@rolldown/binding-win32-x64-msvc/-/binding-win32-x64-msvc-1.2.12.tgz 1044ms (cache miss)
377 silly ADD node_modules/fdir
378 silly ADD node_modules/@rolldown/pluginutils
379 silly ADD node_modules/@rolldown/binding-win32-x64-msvc
380 silly ADD node_modules/@oxc-project/types
381 silly ADD node_modules/source-map-js
382 silly ADD node_modules/picocolors
383 silly ADD node_modules/nanoid
384 silly ADD node_modules/lightningcss-win32-x64-msvc
385 silly ADD node_modules/detect-libc
386 silly ADD node_modules/tinyglobby
387 silly ADD node_modules/rolldown
388 silly ADD node_modules/postcss
389 silly ADD node_modules/picomatch
390 silly ADD node_modules/lightningcss
391 silly ADD node_modules/vite
392 verbose cwd C:\Users\joaop\Downloads\wtt 2 - remake\wtt
393 verbose os Windows_NT 10.0.26200
394 verbose node v24.14.0
395 verbose npm  v11.9.0
396 verbose exit 0
397 info ok
