0 verbose cli C:\Users\joaop\Downloads\wtt 2 - remake\wtt\portables\nodejs\node.exe C:\Users\joaop\Downloads\wtt 2 - remake\wtt\portables\nodejs\node_modules\npm\bin\npm-cli.js
1 info using npm@11.9.0
2 info using node@v24.14.0
3 silly config load:file:C:\Users\joaop\Downloads\wtt 2 - remake\wtt\portables\nodejs\node_modules\npm\npmrc
4 silly config load:file:C:\Users\joaop\Downloads\wtt 2 - remake\wtt\projeto\wtt\wttspa\.npmrc
5 silly config load:file:C:\Users\joaop\.npmrc
6 silly config load:file:C:\Users\joaop\Downloads\wtt 2 - remake\wtt\projeto\wtt\wttspa\etc\npmrc
7 verbose title npm install pinia
8 verbose argv "install" "pinia" "--prefix" "C:\\Users\\joaop\\Downloads\\wtt 2 - remake\\wtt\\projeto\\wtt\\wttspa"
9 verbose logfile logs-max:10 dir:C:\Users\joaop\Downloads\wtt 2 - remake\wtt\portables\nodejs\npm-cache\_logs\2026-10-01T18_45_16_622Z-
10 verbose logfile C:\Users\joaop\Downloads\wtt 2 - remake\wtt\portables\nodejs\npm-cache\_logs\2026-10-01T18_45_16_622Z-debug-0.log
11 silly logfile start cleaning logs, removing 1 files
12 silly packumentCache heap:4496293888 maxSize:1124073472 maxEntrySize:562036736
13 silly logfile done cleaning log files
14 silly idealTree buildDeps
15 silly fetch manifest pinia@*
16 silly packumentCache full:https://registry.npmjs.org/pinia cache-miss
17 http fetch GET 200 https://registry.npmjs.org/pinia 146ms (cache revalidated)
18 silly packumentCache full:https://registry.npmjs.org/pinia set size:564495 disposed:false
19 silly fetch manifest @vue/devtools-api@^8.1.5
20 silly packumentCache full:https://registry.npmjs.org/@vue%2fdevtools-api cache-miss
21 http fetch GET 200 https://registry.npmjs.org/@vue%2fdevtools-api 85ms (cache updated)
22 silly packumentCache full:https://registry.npmjs.org/@vue%2fdevtools-api set size:undefined disposed:false
23 silly fetch manifest typescript@>=5.6.0
24 silly packumentCache full:https://registry.npmjs.org/typescript cache-miss
25 http fetch GET 200 https://registry.npmjs.org/typescript 410ms (cache updated)
26 silly packumentCache full:https://registry.npmjs.org/typescript set size:undefined disposed:false
27 silly fetch manifest vue@^3.5.11
28 silly packumentCache full:https://registry.npmjs.org/vue cache-miss
29 http fetch GET 200 https://registry.npmjs.org/vue 136ms (cache updated)
30 silly packumentCache full:https://registry.npmjs.org/vue set size:undefined disposed:false
31 silly placeDep ROOT pinia@4.0.3 OK for:  want: *
32 silly placeDep ROOT vue@3.5.43 OK for: pinia@4.0.3 want: ^3.5.11
33 silly placeDep ROOT @vue/devtools-api@8.2.1 OK for: pinia@4.0.3 want: ^8.1.5
34 silly fetch manifest nostics@^1.1.4
35 silly packumentCache full:https://registry.npmjs.org/nostics cache-miss
36 silly fetch manifest @vue/devtools-kit@^8.2.1
37 silly packumentCache full:https://registry.npmjs.org/@vue%2fdevtools-kit cache-miss
38 silly fetch manifest @vue/shared@3.5.43
39 silly packumentCache full:https://registry.npmjs.org/@vue%2fshared cache-miss
40 silly fetch manifest @vue/runtime-dom@3.5.43
41 silly packumentCache full:https://registry.npmjs.org/@vue%2fruntime-dom cache-miss
42 silly fetch manifest @vue/compiler-dom@3.5.43
43 silly packumentCache full:https://registry.npmjs.org/@vue%2fcompiler-dom cache-miss
44 silly fetch manifest @vue/compiler-sfc@3.5.43
45 silly packumentCache full:https://registry.npmjs.org/@vue%2fcompiler-sfc cache-miss
46 silly fetch manifest @vue/server-renderer@3.5.43
47 silly packumentCache full:https://registry.npmjs.org/@vue%2fserver-renderer cache-miss
48 http fetch GET 200 https://registry.npmjs.org/@vue%2fdevtools-kit 105ms (cache updated)
49 silly packumentCache full:https://registry.npmjs.org/@vue%2fdevtools-kit set size:undefined disposed:false
50 http fetch GET 200 https://registry.npmjs.org/@vue%2fcompiler-sfc 138ms (cache updated)
51 silly packumentCache full:https://registry.npmjs.org/@vue%2fcompiler-sfc set size:undefined disposed:false
52 http fetch GET 200 https://registry.npmjs.org/@vue%2fcompiler-dom 151ms (cache updated)
53 silly packumentCache full:https://registry.npmjs.org/@vue%2fcompiler-dom set size:undefined disposed:false
54 http fetch GET 200 https://registry.npmjs.org/@vue%2fruntime-dom 156ms (cache updated)
55 silly packumentCache full:https://registry.npmjs.org/@vue%2fruntime-dom set size:undefined disposed:false
56 http fetch GET 200 https://registry.npmjs.org/@vue%2fserver-renderer 158ms (cache updated)
57 silly packumentCache full:https://registry.npmjs.org/@vue%2fserver-renderer set size:undefined disposed:false
58 http fetch GET 200 https://registry.npmjs.org/@vue%2fshared 167ms (cache updated)
59 silly packumentCache full:https://registry.npmjs.org/@vue%2fshared set size:undefined disposed:false
60 http fetch GET 200 https://registry.npmjs.org/nostics 273ms (cache revalidated)
61 silly packumentCache full:https://registry.npmjs.org/nostics set size:52078 disposed:false
62 silly placeDep ROOT @vue/devtools-kit@8.2.1 OK for: @vue/devtools-api@8.2.1 want: ^8.2.1
63 silly fetch manifest birpc@^2.6.1
64 silly packumentCache full:https://registry.npmjs.org/birpc cache-miss
65 silly fetch manifest hookable@^5.5.3
66 silly packumentCache full:https://registry.npmjs.org/hookable cache-miss
67 silly fetch manifest perfect-debounce@^2.0.0
68 silly packumentCache full:https://registry.npmjs.org/perfect-debounce cache-miss
69 silly fetch manifest @vue/devtools-shared@^8.2.1
70 silly packumentCache full:https://registry.npmjs.org/@vue%2fdevtools-shared cache-miss
71 http fetch GET 200 https://registry.npmjs.org/hookable 33ms (cache revalidated)
72 silly packumentCache full:https://registry.npmjs.org/hookable set size:116610 disposed:false
73 http fetch GET 200 https://registry.npmjs.org/birpc 37ms (cache revalidated)
74 silly packumentCache full:https://registry.npmjs.org/birpc set size:112277 disposed:false
75 http fetch GET 200 https://registry.npmjs.org/perfect-debounce 42ms (cache revalidated)
76 silly packumentCache full:https://registry.npmjs.org/perfect-debounce set size:28201 disposed:false
77 http fetch GET 200 https://registry.npmjs.org/@vue%2fdevtools-shared 231ms (cache revalidated)
78 silly packumentCache full:https://registry.npmjs.org/@vue%2fdevtools-shared set size:187446 disposed:false
79 silly placeDep ROOT @vue/devtools-shared@8.2.1 OK for: @vue/devtools-kit@8.2.1 want: ^8.2.1
80 silly placeDep ROOT birpc@2.9.0 OK for: @vue/devtools-kit@8.2.1 want: ^2.6.1
81 silly placeDep ROOT hookable@5.5.3 OK for: @vue/devtools-kit@8.2.1 want: ^5.5.3
82 silly placeDep ROOT perfect-debounce@2.1.0 OK for: @vue/devtools-kit@8.2.1 want: ^2.0.0
83 silly placeDep ROOT nostics@1.3.0 OK for: pinia@4.0.3 want: ^1.1.4
84 silly placeDep ROOT @vue/compiler-dom@3.5.43 OK for: vue@3.5.43 want: 3.5.43
85 silly placeDep ROOT @vue/compiler-sfc@3.5.43 OK for: vue@3.5.43 want: 3.5.43
86 silly placeDep ROOT @vue/runtime-dom@3.5.43 OK for: vue@3.5.43 want: 3.5.43
87 silly placeDep ROOT @vue/server-renderer@3.5.43 OK for: vue@3.5.43 want: 3.5.43
88 silly placeDep ROOT @vue/shared@3.5.43 OK for: vue@3.5.43 want: 3.5.43
89 silly fetch manifest @vue/compiler-core@3.5.43
90 silly packumentCache full:https://registry.npmjs.org/@vue%2fcompiler-core cache-miss
91 silly fetch manifest magic-string@^0.30.21
92 silly packumentCache full:https://registry.npmjs.org/magic-string cache-miss
93 silly fetch manifest @babel/parser@^7.29.8
94 silly packumentCache full:https://registry.npmjs.org/@babel%2fparser cache-miss
95 silly fetch manifest estree-walker@^2.0.2
96 silly packumentCache full:https://registry.npmjs.org/estree-walker cache-miss
97 silly fetch manifest @vue/compiler-ssr@3.5.43
98 silly packumentCache full:https://registry.npmjs.org/@vue%2fcompiler-ssr cache-miss
99 silly fetch manifest @vue/compiler-core@3.5.43
100 silly packumentCache full:https://registry.npmjs.org/@vue%2fcompiler-core cache-miss
101 silly fetch manifest csstype@^3.2.3
102 silly packumentCache full:https://registry.npmjs.org/csstype cache-miss
103 silly fetch manifest @vue/reactivity@3.5.43
104 silly packumentCache full:https://registry.npmjs.org/@vue%2freactivity cache-miss
105 silly fetch manifest @vue/runtime-core@3.5.43
106 silly packumentCache full:https://registry.npmjs.org/@vue%2fruntime-core cache-miss
107 silly fetch manifest @vue/compiler-ssr@3.5.43
108 silly packumentCache full:https://registry.npmjs.org/@vue%2fcompiler-ssr cache-miss
109 http fetch GET 200 https://registry.npmjs.org/estree-walker 293ms (cache revalidated)
110 silly packumentCache full:https://registry.npmjs.org/estree-walker set size:60887 disposed:false
111 http fetch GET 200 https://registry.npmjs.org/@babel%2fparser 300ms (cache revalidated)
112 silly packumentCache full:https://registry.npmjs.org/@babel%2fparser set size:745724 disposed:false
113 http fetch GET 200 https://registry.npmjs.org/csstype 319ms (cache revalidated)
114 silly packumentCache full:https://registry.npmjs.org/csstype set size:274189 disposed:false
115 http fetch GET 200 https://registry.npmjs.org/@vue%2fcompiler-ssr 349ms (cache updated)
116 silly packumentCache full:https://registry.npmjs.org/@vue%2fcompiler-ssr set size:undefined disposed:false
117 http fetch GET 200 https://registry.npmjs.org/@vue%2fcompiler-core 359ms (cache updated)
118 silly packumentCache full:https://registry.npmjs.org/@vue%2fcompiler-core set size:undefined disposed:false
119 http fetch GET 200 https://registry.npmjs.org/@vue%2fcompiler-core 374ms (cache updated)
120 silly packumentCache full:https://registry.npmjs.org/@vue%2fcompiler-core set size:undefined disposed:false
121 http fetch GET 200 https://registry.npmjs.org/magic-string 380ms (cache updated)
122 silly packumentCache full:https://registry.npmjs.org/magic-string set size:undefined disposed:false
123 http fetch GET 200 https://registry.npmjs.org/@vue%2fcompiler-ssr 386ms (cache updated)
124 silly packumentCache full:https://registry.npmjs.org/@vue%2fcompiler-ssr set size:undefined disposed:false
125 http fetch GET 200 https://registry.npmjs.org/@vue%2freactivity 413ms (cache updated)
126 silly packumentCache full:https://registry.npmjs.org/@vue%2freactivity set size:undefined disposed:false
127 http fetch GET 200 https://registry.npmjs.org/@vue%2fruntime-core 419ms (cache updated)
128 silly packumentCache full:https://registry.npmjs.org/@vue%2fruntime-core set size:undefined disposed:false
129 silly placeDep ROOT @vue/compiler-core@3.5.43 OK for: @vue/compiler-dom@3.5.43 want: 3.5.43
130 silly fetch manifest entities@^7.0.1
131 silly packumentCache full:https://registry.npmjs.org/entities cache-miss
132 http fetch GET 200 https://registry.npmjs.org/entities 33ms (cache revalidated)
133 silly packumentCache full:https://registry.npmjs.org/entities set size:104868 disposed:false
134 silly placeDep ROOT @babel/parser@7.29.9 OK for: @vue/compiler-core@3.5.43 want: ^7.29.8
135 silly placeDep ROOT entities@7.0.1 OK for: @vue/compiler-core@3.5.43 want: ^7.0.1
136 silly placeDep ROOT estree-walker@2.0.2 OK for: @vue/compiler-core@3.5.43 want: ^2.0.2
137 silly fetch manifest @babel/types@^7.29.8
138 silly packumentCache full:https://registry.npmjs.org/@babel%2ftypes cache-miss
139 http fetch GET 200 https://registry.npmjs.org/@babel%2ftypes 35ms (cache revalidated)
140 silly packumentCache full:https://registry.npmjs.org/@babel%2ftypes set size:507562 disposed:false
141 silly placeDep ROOT @babel/types@7.29.8 OK for: @babel/parser@7.29.9 want: ^7.29.8
142 silly fetch manifest @babel/helper-string-parser@^7.29.7
143 silly packumentCache full:https://registry.npmjs.org/@babel%2fhelper-string-parser cache-miss
144 silly fetch manifest @babel/helper-validator-identifier@^7.29.7
145 silly packumentCache full:https://registry.npmjs.org/@babel%2fhelper-validator-identifier cache-miss
146 http fetch GET 200 https://registry.npmjs.org/@babel%2fhelper-validator-identifier 35ms (cache revalidated)
147 silly packumentCache full:https://registry.npmjs.org/@babel%2fhelper-validator-identifier set size:132572 disposed:false
148 http fetch GET 200 https://registry.npmjs.org/@babel%2fhelper-string-parser 53ms (cache revalidated)
149 silly packumentCache full:https://registry.npmjs.org/@babel%2fhelper-string-parser set size:93686 disposed:false
150 silly placeDep ROOT @babel/helper-string-parser@7.29.7 OK for: @babel/types@7.29.8 want: ^7.29.7
151 silly placeDep ROOT @babel/helper-validator-identifier@7.29.7 OK for: @babel/types@7.29.8 want: ^7.29.7
152 silly placeDep ROOT @vue/compiler-ssr@3.5.43 OK for: @vue/compiler-sfc@3.5.43 want: 3.5.43
153 silly placeDep ROOT magic-string@0.30.21 OK for: @vue/compiler-sfc@3.5.43 want: ^0.30.21
154 silly fetch manifest @jridgewell/sourcemap-codec@^1.5.5
155 silly packumentCache full:https://registry.npmjs.org/@jridgewell%2fsourcemap-codec cache-miss
156 http fetch GET 200 https://registry.npmjs.org/@jridgewell%2fsourcemap-codec 46ms (cache revalidated)
157 silly packumentCache full:https://registry.npmjs.org/@jridgewell%2fsourcemap-codec set size:65255 disposed:false
158 silly placeDep ROOT @vue/reactivity@3.5.43 OK for: @vue/runtime-dom@3.5.43 want: 3.5.43
159 silly placeDep ROOT @vue/runtime-core@3.5.43 OK for: @vue/runtime-dom@3.5.43 want: 3.5.43
160 silly placeDep ROOT csstype@3.2.3 OK for: @vue/runtime-dom@3.5.43 want: ^3.2.3
161 silly placeDep ROOT @jridgewell/sourcemap-codec@1.6.0 OK for: magic-string@0.30.21 want: ^1.5.5
162 silly reify moves {}
163 silly audit bulk request {
163 silly audit   '@oxc-project/types': [ '0.152.0' ],
163 silly audit   '@rolldown/binding-android-arm-eabi': [ '1.2.12' ],
163 silly audit   '@rolldown/binding-android-arm64': [ '1.2.12' ],
163 silly audit   '@rolldown/binding-darwin-arm64': [ '1.2.12' ],
163 silly audit   '@rolldown/binding-darwin-x64': [ '1.2.12' ],
163 silly audit   '@rolldown/binding-freebsd-x64': [ '1.2.12' ],
163 silly audit   '@rolldown/binding-linux-arm-gnueabihf': [ '1.2.12' ],
163 silly audit   '@rolldown/binding-linux-arm64-gnu': [ '1.2.12' ],
163 silly audit   '@rolldown/binding-linux-arm64-musl': [ '1.2.12' ],
163 silly audit   '@rolldown/binding-linux-ppc64-gnu': [ '1.2.12' ],
163 silly audit   '@rolldown/binding-linux-s390x-gnu': [ '1.2.12' ],
163 silly audit   '@rolldown/binding-linux-x64-gnu': [ '1.2.12' ],
163 silly audit   '@rolldown/binding-linux-x64-musl': [ '1.2.12' ],
163 silly audit   '@rolldown/binding-openharmony-arm64': [ '1.2.12' ],
163 silly audit   '@rolldown/binding-win32-arm64-msvc': [ '1.2.12' ],
163 silly audit   '@rolldown/binding-win32-x64-msvc': [ '1.2.12' ],
163 silly audit   '@rolldown/pluginutils': [ '1.0.1' ],
163 silly audit   'detect-libc': [ '2.1.2' ],
163 silly audit   fdir: [ '6.5.0' ],
163 silly audit   fsevents: [ '2.3.3' ],
163 silly audit   lightningcss: [ '1.33.0' ],
163 silly audit   'lightningcss-android-arm64': [ '1.33.0' ],
163 silly audit   'lightningcss-darwin-arm64': [ '1.33.0' ],
163 silly audit   'lightningcss-darwin-x64': [ '1.33.0' ],
163 silly audit   'lightningcss-freebsd-x64': [ '1.33.0' ],
163 silly audit   'lightningcss-linux-arm-gnueabihf': [ '1.33.0' ],
163 silly audit   'lightningcss-linux-arm64-gnu': [ '1.33.0' ],
163 silly audit   'lightningcss-linux-arm64-musl': [ '1.33.0' ],
163 silly audit   'lightningcss-linux-x64-gnu': [ '1.33.0' ],
163 silly audit   'lightningcss-linux-x64-musl': [ '1.33.0' ],
163 silly audit   'lightningcss-win32-arm64-msvc': [ '1.33.0' ],
163 silly audit   'lightningcss-win32-x64-msvc': [ '1.33.0' ],
163 silly audit   nanoid: [ '3.3.19' ],
163 silly audit   picocolors: [ '1.1.1' ],
163 silly audit   picomatch: [ '4.0.7' ],
163 silly audit   postcss: [ '8.5.28' ],
163 silly audit   rolldown: [ '1.2.12' ],
163 silly audit   'source-map-js': [ '1.2.2' ],
163 silly audit   tinyglobby: [ '0.2.17' ],
163 silly audit   vite: [ '8.3.2' ],
163 silly audit   pinia: [ '4.0.3' ],
163 silly audit   vue: [ '3.5.43' ],
163 silly audit   '@vue/devtools-api': [ '8.2.1' ],
163 silly audit   '@vue/devtools-kit': [ '8.2.1' ],
163 silly audit   '@vue/devtools-shared': [ '8.2.1' ],
163 silly audit   birpc: [ '2.9.0' ],
163 silly audit   hookable: [ '5.5.3' ],
163 silly audit   'perfect-debounce': [ '2.1.0' ],
163 silly audit   nostics: [ '1.3.0' ],
163 silly audit   '@vue/compiler-dom': [ '3.5.43' ],
163 silly audit   '@vue/compiler-sfc': [ '3.5.43' ],
163 silly audit   '@vue/runtime-dom': [ '3.5.43' ],
163 silly audit   '@vue/server-renderer': [ '3.5.43' ],
163 silly audit   '@vue/shared': [ '3.5.43' ],
163 silly audit   '@vue/compiler-core': [ '3.5.43' ],
163 silly audit   '@babel/parser': [ '7.29.9' ],
163 silly audit   entities: [ '7.0.1' ],
163 silly audit   'estree-walker': [ '2.0.2' ],
163 silly audit   '@babel/types': [ '7.29.8' ],
163 silly audit   '@babel/helper-string-parser': [ '7.29.7' ],
163 silly audit   '@babel/helper-validator-identifier': [ '7.29.7' ],
163 silly audit   '@vue/compiler-ssr': [ '3.5.43' ],
163 silly audit   'magic-string': [ '0.30.21' ],
163 silly audit   '@vue/reactivity': [ '3.5.43' ],
163 silly audit   '@vue/runtime-core': [ '3.5.43' ],
163 silly audit   csstype: [ '3.2.3' ],
163 silly audit   '@jridgewell/sourcemap-codec': [ '1.6.0' ]
163 silly audit }
164 http cache @jridgewell/sourcemap-codec@https://registry.npmjs.org/@jridgewell/sourcemap-codec/-/sourcemap-codec-1.6.0.tgz 0ms (cache hit)
165 http cache @vue/compiler-ssr@https://registry.npmjs.org/@vue/compiler-ssr/-/compiler-ssr-3.5.43.tgz 0ms (cache hit)
166 http cache @vue/runtime-core@https://registry.npmjs.org/@vue/runtime-core/-/runtime-core-3.5.43.tgz 0ms (cache hit)
167 http cache magic-string@https://registry.npmjs.org/magic-string/-/magic-string-0.30.21.tgz 0ms (cache hit)
168 http cache @babel/types@https://registry.npmjs.org/@babel/types/-/types-7.29.8.tgz 0ms (cache hit)
169 http cache @babel/helper-validator-identifier@https://registry.npmjs.org/@babel/helper-validator-identifier/-/helper-validator-identifier-7.29.7.tgz 0ms (cache hit)
170 http cache @vue/reactivity@https://registry.npmjs.org/@vue/reactivity/-/reactivity-3.5.43.tgz 0ms (cache hit)
171 http cache @babel/helper-string-parser@https://registry.npmjs.org/@babel/helper-string-parser/-/helper-string-parser-7.29.7.tgz 0ms (cache hit)
172 http cache estree-walker@https://registry.npmjs.org/estree-walker/-/estree-walker-2.0.2.tgz 1ms (cache hit)
173 http cache csstype@https://registry.npmjs.org/csstype/-/csstype-3.2.3.tgz 0ms (cache hit)
174 http cache @babel/parser@https://registry.npmjs.org/@babel/parser/-/parser-7.29.9.tgz 0ms (cache hit)
175 http cache @vue/compiler-core@https://registry.npmjs.org/@vue/compiler-core/-/compiler-core-3.5.43.tgz 0ms (cache hit)
176 http cache entities@https://registry.npmjs.org/entities/-/entities-7.0.1.tgz 0ms (cache hit)
177 http cache @vue/compiler-sfc@https://registry.npmjs.org/@vue/compiler-sfc/-/compiler-sfc-3.5.43.tgz 0ms (cache hit)
178 http cache @vue/shared@https://registry.npmjs.org/@vue/shared/-/shared-3.5.43.tgz 0ms (cache hit)
179 http cache @vue/compiler-dom@https://registry.npmjs.org/@vue/compiler-dom/-/compiler-dom-3.5.43.tgz 0ms (cache hit)
180 http cache perfect-debounce@https://registry.npmjs.org/perfect-debounce/-/perfect-debounce-2.1.0.tgz 0ms (cache hit)
181 http cache hookable@https://registry.npmjs.org/hookable/-/hookable-5.5.3.tgz 0ms (cache hit)
182 http cache @vue/server-renderer@https://registry.npmjs.org/@vue/server-renderer/-/server-renderer-3.5.43.tgz 0ms (cache hit)
183 http cache @vue/runtime-dom@https://registry.npmjs.org/@vue/runtime-dom/-/runtime-dom-3.5.43.tgz 0ms (cache hit)
184 http cache nostics@https://registry.npmjs.org/nostics/-/nostics-1.3.0.tgz 0ms (cache hit)
185 http cache @vue/devtools-kit@https://registry.npmjs.org/@vue/devtools-kit/-/devtools-kit-8.2.1.tgz 0ms (cache hit)
186 http cache @vue/devtools-shared@https://registry.npmjs.org/@vue/devtools-shared/-/devtools-shared-8.2.1.tgz 0ms (cache hit)
187 http cache @vue/devtools-api@https://registry.npmjs.org/@vue/devtools-api/-/devtools-api-8.2.1.tgz 0ms (cache hit)
188 http cache birpc@https://registry.npmjs.org/birpc/-/birpc-2.9.0.tgz 0ms (cache hit)
189 http cache pinia@https://registry.npmjs.org/pinia/-/pinia-4.0.3.tgz 0ms (cache hit)
190 http cache vue@https://registry.npmjs.org/vue/-/vue-3.5.43.tgz 0ms (cache hit)
191 silly tarball no local data for pinia@https://registry.npmjs.org/pinia/-/pinia-4.0.3.tgz. Extracting by manifest.
192 http fetch GET 200 https://registry.npmjs.org/pinia/-/pinia-4.0.3.tgz 185ms (cache miss)
193 http fetch POST 200 https://registry.npmjs.org/-/npm/v1/security/advisories/bulk 214ms
194 silly audit report {}
195 silly ADD node_modules/@jridgewell/sourcemap-codec
196 silly ADD node_modules/csstype
197 silly ADD node_modules/@vue/runtime-core
198 silly ADD node_modules/@vue/reactivity
199 silly ADD node_modules/magic-string
200 silly ADD node_modules/@vue/compiler-ssr
201 silly ADD node_modules/@babel/helper-validator-identifier
202 silly ADD node_modules/@babel/helper-string-parser
203 silly ADD node_modules/@babel/types
204 silly ADD node_modules/estree-walker
205 silly ADD node_modules/entities
206 silly ADD node_modules/@babel/parser
207 silly ADD node_modules/@vue/compiler-core
208 silly ADD node_modules/@vue/shared
209 silly ADD node_modules/@vue/server-renderer
210 silly ADD node_modules/@vue/runtime-dom
211 silly ADD node_modules/@vue/compiler-sfc
212 silly ADD node_modules/@vue/compiler-dom
213 silly ADD node_modules/nostics
214 silly ADD node_modules/perfect-debounce
215 silly ADD node_modules/hookable
216 silly ADD node_modules/birpc
217 silly ADD node_modules/@vue/devtools-shared
218 silly ADD node_modules/@vue/devtools-kit
219 silly ADD node_modules/@vue/devtools-api
220 silly ADD node_modules/vue
221 silly ADD node_modules/pinia
222 verbose cwd C:\Users\joaop\Downloads\wtt 2 - remake\wtt
223 verbose os Windows_NT 10.0.26200
224 verbose node v24.14.0
225 verbose npm  v11.9.0
226 verbose exit 0
227 info ok
